≡ƒº¬ Testing Tag Normalization (Consolidated Pipeline)


≡ƒôï Test 1: AI-generated valid tags (trust them)
   Input: "[thick italian-italian american nyc accent] [yelling] [furious] What the HELL are you doing?"
   Mode: CHAT
≡ƒÄ¡ Tags detected. Trusting AI output (normalizing spacing only).
   Output: "[thick italian-italian american nyc accent] [yelling] [furious] What the HELL are you doing?"
   Expected: "[thick italian-italian american nyc accent] [yelling] [furious] What the HELL are you doing?"
   Processing time: 1ms
   Γ£à PASS

≡ƒôï Test 2: No tags (apply defaults)
   Input: "I'm Nicky, your favorite unhinged podcaster."
   Mode: CHAT
≡ƒÄ¡ No tags detected. Applying defaults: [talking] [neutral]
   Output: "[thick italian-italian american nyc accent] [talking] [neutral] I'm Nicky, your favorite unhinged podcaster."
   Expected: "[thick italian-italian american nyc accent] [talking] [neutral] I'm Nicky, your favorite unhinged podcaster."
   Processing time: 0ms
   Γ£à PASS

≡ƒôï Test 3: Tags but accent not first (move it to front)
   Input: "[yelling] [thick italian-italian american nyc accent] [furious] Listen up!"
   Mode: CHAT
≡ƒÄ¡ Tags detected. Trusting AI output (normalizing spacing only).
≡ƒÄ¡ Moved accent tag to front
   Output: "[thick italian-italian american nyc accent] [yelling]  [furious] Listen up!"
   Expected: "[thick italian-italian american nyc accent] [yelling] [furious] Listen up!"
   Processing time: 0ms
   Γ¥î FAIL
   Difference:
     Got:      "[thick italian-italian american nyc accent] [yelling]  [furious] Listen up!"
     Expected: "[thick italian-italian american nyc accent] [yelling] [furious] Listen up!"

≡ƒôï Test 4: Discord mode (strip ALL tags)
   Input: "[thick italian-italian american nyc accent] [yelling] [furious] What the HELL?"
   Mode: DISCORD
   Output: "What the HELL?"
   Expected: "What the HELL?"
   Processing time: 0ms
   Γ£à PASS

≡ƒôï Test 5: Malformed spacing ][ (fix it)
   Input: "[thick italian-italian american nyc accent][yelling][furious]Text here"
   Mode: CHAT
≡ƒÄ¡ Tags detected. Trusting AI output (normalizing spacing only).
   Output: "[thick italian-italian american nyc accent] [yelling] [furious]Text here"
   Expected: "[thick italian-italian american nyc accent] [yelling] [furious] Text here"
   Processing time: 0ms
   Γ¥î FAIL
   Difference:
     Got:      "[thick italian-italian american nyc accent] [yelling] [furious]Text here"
     Expected: "[thick italian-italian american nyc accent] [yelling] [furious] Text here"

≡ƒôï Test 6: Tags with newlines after them (remove newlines)
   Input: "[thick italian-italian american nyc accent]
[yelling]
Text"
   Mode: CHAT
≡ƒÄ¡ Tags detected. Trusting AI output (normalizing spacing only).
   Output: "[thick italian-italian american nyc accent] [yelling] Text"
   Expected: "[thick italian-italian american nyc accent] [yelling] Text"
   Processing time: 0ms
   Γ£à PASS

≡ƒôï Test 7: AI creative tags (accept them)
   Input: "[thick italian-italian american nyc accent] [rapid-fire] [manic] Yo yo yo!"
   Mode: CHAT
≡ƒÄ¡ Tags detected. Trusting AI output (normalizing spacing only).
   Output: "[thick italian-italian american nyc accent] [rapid-fire] [manic] Yo yo yo!"
   Expected: "[thick italian-italian american nyc accent] [rapid-fire] [manic] Yo yo yo!"
   Processing time: 0ms
   Γ£à PASS

≡ƒôï Test 8: Mixed valid and spacing issues
   Input: "[yelling][thick italian-italian american nyc accent]
[furious]  Hey!"
   Mode: CHAT
≡ƒÄ¡ Tags detected. Trusting AI output (normalizing spacing only).
≡ƒÄ¡ Moved accent tag to front
   Output: "[thick italian-italian american nyc accent] [yelling]  [furious]  Hey!"
   Expected: "[thick italian-italian american nyc accent] [yelling] [furious] Hey!"
   Processing time: 0ms
   Γ¥î FAIL
   Difference:
     Got:      "[thick italian-italian american nyc accent] [yelling]  [furious]  Hey!"
     Expected: "[thick italian-italian american nyc accent] [yelling] [furious] Hey!"

============================================================
≡ƒôè Results: 5/8 tests passed
Γ¥î 3 test(s) failed
